Microchip MPLAB XC8 Compiler V2.20

Linker command line:

-W-3 --edf=D:\MPLAB 5.4\xc8\pic\dat\en_msgs.txt -cn \
  -h+dist/default/production\QC3-16F630-C.X.production.sym \
  --cmf=dist/default/production\QC3-16F630-C.X.production.cmf -z -Q16F630 \
  -oC:\Users\mcho9\AppData\Local\Temp\s8lg.3 --defsym=__MPLAB_BUILD=1 \
  -Mdist/default/production/QC3-16F630-C.X.production.map -E1 \
  -ver=XC8 Compiler --acfsm=1493 -ASTACK=043h-05Dh -pstack=STACK \
  -ACODE=00h-03FEh -ASTRCODE=00h-03FEh -ASTRING=00h-0FFhx3,0300h-03FEh \
  -ACONST=00h-0FFhx3,0300h-03FEh -AENTRY=00h-0FFhx3,0300h-03FEh \
  -ABANK0=020h-05Dh -ARAM=020h-05Dh -AABS1=020h-05Fh -ACOMMON=05Eh-05Fh \
  -ASFR0=00h-01Fh -ASFR1=080h-0DDh -ACONFIG=02007h-02007h -DCONFIG=2 \
  -AIDLOC=02000h-02003h -DIDLOC=2 \
  -preset_vec=00h,intentry=04h,init,end_init -ppowerup=CODE -pcinit=CODE \
  -pfunctab=ENTRY -AEEDATA=00h-07Fh/02100h -peeprom_data=EEDATA -DEEDATA=2 \
  -posccal=03FFh -DCODE=2 -DSTRCODE=2 -DSTRING=2 -DCONST=2 -DENTRY=2 -k \
  C:\Users\mcho9\AppData\Local\Temp\s8lg.o \
  dist/default/production\QC3-16F630-C.X.production.o 

Object code version is 3.11

Machine type is 16F630



                Name                               Link     Load   Length Selector   Space Scale
C:\Users\mcho9\AppData\Local\Temp\s8lg.o
                end_init                              F        F        1        8       0
                reset_vec                             0        0        1        0       0
dist/default/production\QC3-16F630-C.X.production.o
                cinit                                10       10        C        8       0
                intentry                              4        4        B        8       0
                text13                              31A      31A       19        8       0
                text12                              301      301       19        8       0
                text11                              1A8      1A8       A2        8       0
                text10                              366      366       11        8       0
                text9                               2A9      2A9       26        8       0
                text8                               355      355       11        8       0
                text7                               24A      24A       39        8       0
                text6                               2E8      2E8       19        8       0
                text5                               2CF      2CF       19        8       0
                text4                               106      106       A2        8       0
                text3                               344      344       11        8       0
                text2                               283      283       26        8       0
                text1                               333      333       11        8       0
                maintext                             1C       1C       EA        8       0
                cstackBANK0                          20       20       1B       20       1
                dataBANK0                            41       41        2       20       1
                bssBANK0                             3B       3B        6       20       1
                idataBANK0                          377      377        2        8       0

TOTAL           Name                               Link     Load   Length     Space
        CLASS   STACK          

        CLASS   CODE           
                end_init                              F        F        1         0
                cinit                                10       10        C         0
                intentry                              4        4        B         0
                reset_vec                             0        0        1         0
                text13                              31A      31A       19         0
                text12                              301      301       19         0
                text11                              1A8      1A8       A2         0
                text10                              366      366       11         0
                text9                               2A9      2A9       26         0
                text8                               355      355       11         0
                text7                               24A      24A       39         0
                text6                               2E8      2E8       19         0
                text5                               2CF      2CF       19         0
                text4                               106      106       A2         0
                text3                               344      344       11         0
                text2                               283      283       26         0
                text1                               333      333       11         0
                maintext                             1C       1C       EA         0
                idataBANK0                          377      377        2         0

        CLASS   STRCODE        

        CLASS   STRING         

        CLASS   CONST          

        CLASS   ENTRY          

        CLASS   BANK0          
                cstackBANK0                          20       20       1B         1
                dataBANK0                            41       41        2         1
                bssBANK0                             3B       3B        6         1

        CLASS   RAM            

        CLASS   ABS1           
                abs_s1                               5E       5E        2         1

        CLASS   COMMON         

        CLASS   SFR0           

        CLASS   SFR1           

        CLASS   CONFIG         

        CLASS   IDLOC          

        CLASS   EEDATA         

        CLASS   BANK1          



SEGMENTS        Name                           Load    Length   Top    Selector   Space  Class     Delta

                reset_vec                      000000  000001  000001         0       0  CODE        2
                intentry                       000004  000375  000379         8       0  CODE        2
                cstackBANK0                    000020  000023  000043        20       1  BANK0       1


UNUSED ADDRESS RANGES

        Name                Unused          Largest block    Delta
        BANK0            043-05D            1B           1
        CODE             001-003             3           2
                         379-3FE            86
        CONFIG           2007-2007             1           2
        CONST            001-003             3           2
                         379-3FE            86
        EEDATA           2100-217F            80           2
        ENTRY            001-003             3           2
                         379-3FE            86
        IDLOC            2000-2003             4           2
        RAM              043-05D            1B           1
        SFR0             000-01F            20           1
        SFR1             080-0DD            5E           1
        STACK            043-05D            1B           1
        STRCODE          001-003             3           2
                         379-3FE            86
        STRING           001-003             3           2
                         379-3FE            86

                                  Symbol Table

_CMCON                   (abs)        019
_EEADR                   (abs)        09B
_EECON1bits              (abs)        09C
_EECON2                  (abs)        09D
_EEDATA                  (abs)        09A
_INTCONbits              (abs)        00B
_ISR                     text7        24A
_OPTION_REG              (abs)        081
_PORTAbits               (abs)        005
_PORTC                   (abs)        007
_PORTCbits               (abs)        007
_TRISA                   (abs)        085
_TRISAbits               (abs)        085
_TRISC                   (abs)        087
_TRISCbits               (abs)        087
__Habs1                  abs1         7FE
__Hbank0                 bank0        7FE
__Hbank1                 bank1        7FE
__HbssBANK0              bssBANK0     7FE
__Hcinit                 cinit        01C
__Hclrtext               clrtext      7FE
__Hcode                  code         7FE
__Hcommon                common       7FE
__HcstackBANK0           cstackBANK0  7FE
__HcstackCOMMON          cstackCOMMON 7FE
__HdataBANK0             dataBANK0    7FE
__Heeprom_data           eeprom_data  000
__Hend_init              end_init     010
__Hfunctab               functab      000
__HidataBANK0            idataBANK0   7FE
__Hinit                  init         00F
__Hintentry              intentry     00F
__Hmaintext              maintext     7FE
__Hosccal                osccal       3FF
__Hpowerup               powerup      000
__Hram                   ram          7FE
__Hreset_vec             reset_vec    001
__Hsfr0                  sfr0         7FE
__Hsfr1                  sfr1         7FE
__Hspace_0               (abs)        7FE
__Hspace_1               (abs)        7FE
__Hspace_2               (abs)        000
__Hspace_3               (abs)        000
__Hstack                 stack        000
__Hstrings               strings      7FE
__Htext                  text         7FE
__Labs1                  abs1         7FE
__Lbank0                 bank0        7FE
__Lbank1                 bank1        7FE
__LbssBANK0              bssBANK0     7FE
__Lcinit                 cinit        010
__Lclrtext               clrtext      7FE
__Lcode                  code         7FE
__Lcommon                common       7FE
__LcstackBANK0           cstackBANK0  7FE
__LcstackCOMMON          cstackCOMMON 7FE
__LdataBANK0             dataBANK0    7FE
__Leeprom_data           eeprom_data  000
__Lend_init              end_init     00F
__Lfunctab               functab      000
__LidataBANK0            idataBANK0   7FE
__Linit                  init         00F
__Lintentry              intentry     004
__Lmaintext              maintext     7FE
__Losccal                osccal       3FF
__Lpowerup               powerup      000
__Lram                   ram          7FE
__Lreset_vec             reset_vec    000
__Lsfr0                  sfr0         7FE
__Lsfr1                  sfr1         7FE
__Lspace_0               (abs)        000
__Lspace_1               (abs)        000
__Lspace_2               (abs)        000
__Lspace_3               (abs)        000
__Lstack                 stack        000
__Lstrings               strings      7FE
__Ltext                  text         7FE
__S0                     (abs)        379
__S1                     (abs)        043
__S2                     (abs)        000
__S3                     (abs)        000
___int_sp                stack        000
___latbits               (abs)        000
___osccal_val            osccal       3FF
___sp                    stack        000
___stackhi               (abs)        000
___stacklo               (abs)        000
__end_of_ISR             text7        283
__end_of__initialization cinit        01A
__end_of_continuous      text4        1A8
__end_of_dec200mv        text6        301
__end_of_inc200mv        text5        2E8
__end_of_main            maintext     106
__end_of_volt12          text3        355
__end_of_volt5           text2        2A9
__end_of_volt9           text1        344
__end_ofi1_continuous    text11       24A
__end_ofi1_dec200mv      text13       333
__end_ofi1_inc200mv      text12       31A
__end_ofi1_volt12        text10       377
__end_ofi1_volt5         text9        2CF
__end_ofi1_volt9         text8        366
__initialization         cinit        010
__pbssBANK0              bssBANK0     03B
__pcstackBANK0           cstackBANK0  020
__pcstackCOMMON          cstackCOMMON 000
__pdataBANK0             dataBANK0    041
__pidataBANK0            idataBANK0   377
__pintentry              intentry     004
__pmaintext              maintext     01C
__ptext1                 text1        333
__ptext10                text10       366
__ptext11                text11       1A8
__ptext12                text12       301
__ptext13                text13       31A
__ptext2                 text2        283
__ptext3                 text3        344
__ptext4                 text4        106
__ptext5                 text5        2CF
__ptext6                 text6        2E8
__ptext7                 text7        24A
__ptext8                 text8        355
__ptext9                 text9        2A9
__size_of_ISR            (abs)        000
__size_of_continuous     (abs)        000
__size_of_dec200mv       (abs)        000
__size_of_inc200mv       (abs)        000
__size_of_main           (abs)        000
__size_of_volt12         (abs)        000
__size_of_volt5          (abs)        000
__size_of_volt9          (abs)        000
__size_ofi1_continuous   (abs)        000
__size_ofi1_dec200mv     (abs)        000
__size_ofi1_inc200mv     (abs)        000
__size_ofi1_volt12       (abs)        000
__size_ofi1_volt5        (abs)        000
__size_ofi1_volt9        (abs)        000
_changed                 bssBANK0     03B
_continuous              text4        106
_dec200mv                text6        2E8
_dem1                    dataBANK0    041
_dem2                    bssBANK0     03D
_eep1                    bssBANK0     03E
_eepdata                 bssBANK0     040
_eepselect               bssBANK0     03F
_inc200mv                text5        2CF
_main                    maintext     01C
_volt12                  text3        344
_volt5                   text2        283
_volt9                   text1        333
btemp                    (abs)        05E
continuous@i             cstackBANK0  032
continuous@i_185         cstackBANK0  034
end_of_initialization    cinit        01A
i1_continuous            text11       1A8
i1_dec200mv              text13       31A
i1_inc200mv              text12       301
i1_volt12                text10       366
i1_volt5                 text9        2A9
i1_volt9                 text8        355
i1continuous@i           cstackBANK0  025
i1continuous@i_185       cstackBANK0  027
interrupt_function       intentry     004
intlevel0                functab      000
intlevel1                functab      000
intlevel2                functab      000
intlevel3                functab      000
intlevel4                functab      000
intlevel5                functab      000
main@t                   cstackBANK0  039
main@t1                  cstackBANK0  03A
reset_vec                reset_vec    000
saved_w                  (abs)        05E
start                    init         00F
start_initialization     cinit        010
wtemp0                   (abs)        05E


FUNCTION INFORMATION:

 *************** function _main *****************
 Defined at:
		line 138 in file "QC3-16F630-C.c"
 Parameters:    Size  Location     Type
		None
 Auto vars:     Size  Location     Type
  t1              1   26[BANK0 ] unsigned char 
  t               1   25[BANK0 ] unsigned char 
 Return value:  Size  Location     Type
                  1    wreg      void 
 Registers used:
		wreg, status,2, status,0, btemp+1, pclath, cstack
 Tracked objects:
		On entry : 
		On exit  : 
		Unchanged: 
 Data sizes:     COMMON   BANK0
      Params:         0       0
      Locals:         0       2
      Temps:          0       3
      Totals:         0       5
Total ram usage:        5 bytes
 Hardware stack levels required when called:    5
 This function calls:
		_continuous
		_dec200mv
		_inc200mv
		_volt12
		_volt5
		_volt9
 This function is called by:
		Startup code after reset
 This function uses a non-reentrant model


 *************** function _volt9 *****************
 Defined at:
		line 23 in file "QC3-16F630-C.c"
 Parameters:    Size  Location     Type
		None
 Auto vars:     Size  Location     Type
		None
 Return value:  Size  Location     Type
                  1    wreg      void 
 Registers used:
		wreg, status,2
 Tracked objects:
		On entry : 
		On exit  : 
		Unchanged: 
 Data sizes:     COMMON   BANK0
      Params:         0       0
      Locals:         0       0
      Temps:          0       0
      Totals:         0       0
Total ram usage:        0 bytes
 Hardware stack levels used:    1
 Hardware stack levels required when called:    3
 This function calls:
		Nothing
 This function is called by:
		_main
 This function uses a non-reentrant model


 *************** function _volt5 *****************
 Defined at:
		line 37 in file "QC3-16F630-C.c"
 Parameters:    Size  Location     Type
		None
 Auto vars:     Size  Location     Type
		None
 Return value:  Size  Location     Type
                  1    wreg      void 
 Registers used:
		wreg, status,2
 Tracked objects:
		On entry : 
		On exit  : 
		Unchanged: 
 Data sizes:     COMMON   BANK0
      Params:         0       0
      Locals:         0       0
      Temps:          0       2
      Totals:         0       2
Total ram usage:        2 bytes
 Hardware stack levels used:    1
 Hardware stack levels required when called:    3
 This function calls:
		Nothing
 This function is called by:
		_main
 This function uses a non-reentrant model


 *************** function _volt12 *****************
 Defined at:
		line 10 in file "QC3-16F630-C.c"
 Parameters:    Size  Location     Type
		None
 Auto vars:     Size  Location     Type
		None
 Return value:  Size  Location     Type
                  1    wreg      void 
 Registers used:
		wreg, status,2
 Tracked objects:
		On entry : 
		On exit  : 
		Unchanged: 
 Data sizes:     COMMON   BANK0
      Params:         0       0
      Locals:         0       0
      Temps:          0       0
      Totals:         0       0
Total ram usage:        0 bytes
 Hardware stack levels used:    1
 Hardware stack levels required when called:    3
 This function calls:
		Nothing
 This function is called by:
		_main
 This function uses a non-reentrant model


 *************** function _continuous *****************
 Defined at:
		line 75 in file "QC3-16F630-C.c"
 Parameters:    Size  Location     Type
		None
 Auto vars:     Size  Location     Type
  i               2   20[BANK0 ] int 
  i               2   18[BANK0 ] int 
 Return value:  Size  Location     Type
                  1    wreg      void 
 Registers used:
		wreg, status,2, status,0, btemp+1, pclath, cstack
 Tracked objects:
		On entry : 
		On exit  : 
		Unchanged: 
 Data sizes:     COMMON   BANK0
      Params:         0       0
      Locals:         0       4
      Temps:          0       3
      Totals:         0       7
Total ram usage:        7 bytes
 Hardware stack levels used:    1
 Hardware stack levels required when called:    4
 This function calls:
		_dec200mv
		_inc200mv
 This function is called by:
		_main
 This function uses a non-reentrant model


 *************** function _inc200mv *****************
 Defined at:
		line 60 in file "QC3-16F630-C.c"
 Parameters:    Size  Location     Type
		None
 Auto vars:     Size  Location     Type
		None
 Return value:  Size  Location     Type
                  1    wreg      void 
 Registers used:
		wreg
 Tracked objects:
		On entry : 
		On exit  : 
		Unchanged: 
 Data sizes:     COMMON   BANK0
      Params:         0       0
      Locals:         0       0
      Temps:          0       2
      Totals:         0       2
Total ram usage:        2 bytes
 Hardware stack levels used:    1
 Hardware stack levels required when called:    3
 This function calls:
		Nothing
 This function is called by:
		_continuous
		_main
 This function uses a non-reentrant model


 *************** function _dec200mv *****************
 Defined at:
		line 68 in file "QC3-16F630-C.c"
 Parameters:    Size  Location     Type
		None
 Auto vars:     Size  Location     Type
		None
 Return value:  Size  Location     Type
                  1    wreg      void 
 Registers used:
		wreg
 Tracked objects:
		On entry : 
		On exit  : 
		Unchanged: 
 Data sizes:     COMMON   BANK0
      Params:         0       0
      Locals:         0       0
      Temps:          0       2
      Totals:         0       2
Total ram usage:        2 bytes
 Hardware stack levels used:    1
 Hardware stack levels required when called:    3
 This function calls:
		Nothing
 This function is called by:
		_continuous
		_main
 This function uses a non-reentrant model


 *************** function _ISR *****************
 Defined at:
		line 125 in file "QC3-16F630-C.c"
 Parameters:    Size  Location     Type
		None
 Auto vars:     Size  Location     Type
		None
 Return value:  Size  Location     Type
                  1    wreg      void 
 Registers used:
		wreg, fsr0l, fsr0h, status,2, status,0, btemp+1, pclath, cstack
 Tracked objects:
		On entry : 
		On exit  : 
		Unchanged: 
 Data sizes:     COMMON   BANK0
      Params:         0       0
      Locals:         0       0
      Temps:          0       4
      Totals:         0       4
Total ram usage:        4 bytes
 Hardware stack levels used:    1
 Hardware stack levels required when called:    2
 This function calls:
		i1_continuous
		i1_volt12
		i1_volt5
		i1_volt9
 This function is called by:
		Interrupt level 1
 This function uses a non-reentrant model


 *************** function i1_volt9 *****************
 Defined at:
		line 23 in file "QC3-16F630-C.c"
 Parameters:    Size  Location     Type
		None
 Auto vars:     Size  Location     Type
		None
 Return value:  Size  Location     Type
                  1    wreg      void 
 Registers used:
		wreg, status,2
 Tracked objects:
		On entry : 
		On exit  : 
		Unchanged: 
 Data sizes:     COMMON   BANK0
      Params:         0       0
      Locals:         0       0
      Temps:          0       0
      Totals:         0       0
Total ram usage:        0 bytes
 Hardware stack levels used:    1
 This function calls:
		Nothing
 This function is called by:
		_ISR
 This function uses a non-reentrant model


 *************** function i1_volt5 *****************
 Defined at:
		line 37 in file "QC3-16F630-C.c"
 Parameters:    Size  Location     Type
		None
 Auto vars:     Size  Location     Type
		None
 Return value:  Size  Location     Type
                  1    wreg      void 
 Registers used:
		wreg, status,2
 Tracked objects:
		On entry : 
		On exit  : 
		Unchanged: 
 Data sizes:     COMMON   BANK0
      Params:         0       0
      Locals:         0       0
      Temps:          0       2
      Totals:         0       2
Total ram usage:        2 bytes
 Hardware stack levels used:    1
 This function calls:
		Nothing
 This function is called by:
		_ISR
 This function uses a non-reentrant model


 *************** function i1_volt12 *****************
 Defined at:
		line 10 in file "QC3-16F630-C.c"
 Parameters:    Size  Location     Type
		None
 Auto vars:     Size  Location     Type
		None
 Return value:  Size  Location     Type
                  1    wreg      void 
 Registers used:
		wreg, status,2
 Tracked objects:
		On entry : 
		On exit  : 
		Unchanged: 
 Data sizes:     COMMON   BANK0
      Params:         0       0
      Locals:         0       0
      Temps:          0       0
      Totals:         0       0
Total ram usage:        0 bytes
 Hardware stack levels used:    1
 This function calls:
		Nothing
 This function is called by:
		_ISR
 This function uses a non-reentrant model


 *************** function i1_continuous *****************
 Defined at:
		line 75 in file "QC3-16F630-C.c"
 Parameters:    Size  Location     Type
		None
 Auto vars:     Size  Location     Type
  i               2    7[BANK0 ] int 
  i               2    5[BANK0 ] int 
 Return value:  Size  Location     Type
                  1    wreg      void 
 Registers used:
		wreg, status,2, status,0, btemp+1, pclath, cstack
 Tracked objects:
		On entry : 
		On exit  : 
		Unchanged: 
 Data sizes:     COMMON   BANK0
      Params:         0       0
      Locals:         0       4
      Temps:          0       3
      Totals:         0       7
Total ram usage:        7 bytes
 Hardware stack levels used:    1
 Hardware stack levels required when called:    1
 This function calls:
		i1_dec200mv
		i1_inc200mv
 This function is called by:
		_ISR
 This function uses a non-reentrant model


 *************** function i1_inc200mv *****************
 Defined at:
		line 60 in file "QC3-16F630-C.c"
 Parameters:    Size  Location     Type
		None
 Auto vars:     Size  Location     Type
		None
 Return value:  Size  Location     Type
                  1    wreg      void 
 Registers used:
		wreg
 Tracked objects:
		On entry : 
		On exit  : 
		Unchanged: 
 Data sizes:     COMMON   BANK0
      Params:         0       0
      Locals:         0       0
      Temps:          0       2
      Totals:         0       2
Total ram usage:        2 bytes
 Hardware stack levels used:    1
 This function calls:
		Nothing
 This function is called by:
		i1_continuous
 This function uses a non-reentrant model


 *************** function i1_dec200mv *****************
 Defined at:
		line 68 in file "QC3-16F630-C.c"
 Parameters:    Size  Location     Type
		None
 Auto vars:     Size  Location     Type
		None
 Return value:  Size  Location     Type
                  1    wreg      void 
 Registers used:
		wreg
 Tracked objects:
		On entry : 
		On exit  : 
		Unchanged: 
 Data sizes:     COMMON   BANK0
      Params:         0       0
      Locals:         0       0
      Temps:          0       2
      Totals:         0       2
Total ram usage:        2 bytes
 Hardware stack levels used:    1
 This function calls:
		Nothing
 This function is called by:
		i1_continuous
 This function uses a non-reentrant model



MODULE INFORMATION

Module		Function		Class		Link	Load	Size
shared
		i1_volt9       		CODE           	0355	0000	18
		i1_volt5       		CODE           	02A9	0000	39
		__initialization		CODE           	0010	0000	11
		i1_volt12      		CODE           	0366	0000	18
		i1_continuous  		CODE           	01A8	0000	163
		i1_inc200mv    		CODE           	0301	0000	26
		i1_dec200mv    		CODE           	031A	0000	26

shared estimated size: 301

QC3-16F630-C.c
		_volt9         		CODE           	0333	0000	18
		_ISR           		CODE           	024A	0000	58
		_main          		CODE           	001C	0000	235
		_volt5         		CODE           	0283	0000	39
		_dec200mv      		CODE           	02E8	0000	26
		_continuous    		CODE           	0106	0000	163
		_inc200mv      		CODE           	02CF	0000	26
		_volt12        		CODE           	0344	0000	18

QC3-16F630-C.c estimated size: 583

