Microchip MPLAB XC8 Compiler V2.20

Linker command line:

-W-3 --edf=D:\MPLAB 5.4\xc8\pic\dat\en_msgs.txt -cn \
  -h+dist/default/production\QC3-16F630-C.X.production.sym \
  --cmf=dist/default/production\QC3-16F630-C.X.production.cmf -z -Q16F630 \
  -oC:\Users\mcho9\AppData\Local\Temp\sab8.2 --defsym=__MPLAB_BUILD=1 \
  -Mdist/default/production/QC3-16F630-C.X.production.map -E1 \
  -ver=XC8 Compiler --acfsm=1493 -ASTACK=039h-05Dh -pstack=STACK \
  -ACODE=00h-03FEh -ASTRCODE=00h-03FEh -ASTRING=00h-0FFhx3,0300h-03FEh \
  -ACONST=00h-0FFhx3,0300h-03FEh -AENTRY=00h-0FFhx3,0300h-03FEh \
  -ABANK0=020h-05Dh -ARAM=020h-05Dh -AABS1=020h-05Fh -ACOMMON=05Eh-05Fh \
  -ASFR0=00h-01Fh -ASFR1=080h-0DDh -ACONFIG=02007h-02007h -DCONFIG=2 \
  -AIDLOC=02000h-02003h -DIDLOC=2 -preset_vec=00h,intentry,init,end_init \
  -ppowerup=CODE -pcinit=CODE -pfunctab=ENTRY -AEEDATA=00h-07Fh/02100h \
  -peeprom_data=EEDATA -DEEDATA=2 -posccal=03FFh -DCODE=2 -DSTRCODE=2 \
  -DSTRING=2 -DCONST=2 -DENTRY=2 -k \
  C:\Users\mcho9\AppData\Local\Temp\sab8.o \
  dist/default/production\QC3-16F630-C.X.production.o 

Object code version is 3.11

Machine type is 16F630



                Name                               Link     Load   Length Selector   Space Scale
C:\Users\mcho9\AppData\Local\Temp\sab8.o
                end_init                              0        0        1        0       0
                config                             2007     2007        1        0       4
dist/default/production\QC3-16F630-C.X.production.o
                cinit                               3F4      3F4        B      7E8       0
                config                             2007     2007        1        0       4
                text9                               1E7      1E7       29      3CE       0
                text8                               191      191       12      322       0
                text7                               1A3      1A3       12      346       0
                text6                               1B5      1B5       12      36A       0
                text5                               164      164        F      2C8       0
                text4                               1C7      1C7       20      38E       0
                text3                               2B7      2B7      13D      56E       0
                text2                               173      173        F      2E6       0
                text1                               182      182        F      304       0
                maintext                            210      210       A7      420       0
                cstackBANK0                          20       20       11       20       1
                bssBANK0                             31       31        8       20       1

TOTAL           Name                               Link     Load   Length     Space
        CLASS   STACK          

        CLASS   CODE           
                end_init                              0        0        1         0
                cinit                               3F4      3F4        B         0
                text9                               1E7      1E7       29         0
                text8                               191      191       12         0
                text7                               1A3      1A3       12         0
                text6                               1B5      1B5       12         0
                text5                               164      164        F         0
                text4                               1C7      1C7       20         0
                text3                               2B7      2B7      13D         0
                text2                               173      173        F         0
                text1                               182      182        F         0
                maintext                            210      210       A7         0

        CLASS   STRCODE        

        CLASS   STRING         

        CLASS   CONST          

        CLASS   ENTRY          

        CLASS   BANK0          
                cstackBANK0                          20       20       11         1
                bssBANK0                             31       31        8         1

        CLASS   RAM            

        CLASS   ABS1           
                abs_s1                               5E       5E        2         1

        CLASS   COMMON         

        CLASS   SFR0           

        CLASS   SFR1           

        CLASS   CONFIG         
                config                             2007     2007        1         4

        CLASS   IDLOC          

        CLASS   EEDATA         

        CLASS   BANK1          



SEGMENTS        Name                           Load    Length   Top    Selector   Space  Class     Delta

                reset_vec                      000000  000001  000001         0       0  CODE        2
                cstackBANK0                    000020  000019  000039        20       1  BANK0       1
                text5                          000164  00000F  000173       2C8       0  CODE        2
                text2                          000173  00000F  000182       2E6       0  CODE        2
                text1                          000182  00000F  000191       304       0  CODE        2
                text8                          000191  000012  0001A3       322       0  CODE        2
                text7                          0001A3  000012  0001B5       346       0  CODE        2
                text6                          0001B5  000012  0001C7       36A       0  CODE        2
                text4                          0001C7  000020  0001E7       38E       0  CODE        2
                text9                          0001E7  000029  000210       3CE       0  CODE        2
                maintext                       000210  0000A7  0002B7       420       0  CODE        2
                text3                          0002B7  00013D  0003F4       56E       0  CODE        2
                cinit                          0003F4  00000B  0003FF       7E8       0  CODE        2


UNUSED ADDRESS RANGES

        Name                Unused          Largest block    Delta
        BANK0            0039-005D             25           1
        CODE             0001-0163            163           2
        CONST            0001-0163             FF           2
        EEDATA           2100-217F             80           2
        ENTRY            0001-0163             FF           2
        IDLOC            2000-2003              4           2
        RAM              0039-005D             25           1
        SFR0             0000-001F             20           1
        SFR1             0080-00DD             5E           1
        STACK            0039-005D             25           1
        STRCODE          0001-0163            163           2
        STRING           0001-0163             FF           2

                                  Symbol Table

?_eepromread             cstackBANK0  0020
INOV@i                   cstackBANK0  0029
INOV@i_185               cstackBANK0  002B
INOV@t                   cstackBANK0  002D
INOV@t1                  cstackBANK0  002E
INOV@t1_191              cstackBANK0  0030
INOV@t_190               cstackBANK0  002F
_CMCON                   (abs)        0019
_EEADR                   (abs)        009B
_EECON1bits              (abs)        009C
_EECON2                  (abs)        009D
_EEDATA                  (abs)        009A
_INOV                    text3        02B7
_OPTION_REG              (abs)        0081
_OPTION_REGbits          (abs)        0081
_PORTAbits               (abs)        0005
_PORTC                   (abs)        0007
_PORTCbits               (abs)        0007
_T0IF                    (abs)        005A
_TMR0                    (abs)        0001
_TRISA                   (abs)        0085
_TRISC                   (abs)        0087
_TRISCbits               (abs)        0087
__Habs1                  abs1         07FE
__Hbank0                 bank0        07FE
__Hbank1                 bank1        07FE
__HbssBANK0              bssBANK0     07FE
__Hcinit                 cinit        03FF
__Hclrtext               clrtext      07FE
__Hcode                  code         07FE
__Hcommon                common       07FE
__Hconfig                config       2008
__HcstackBANK0           cstackBANK0  07FE
__HcstackCOMMON          cstackCOMMON 07FE
__Heeprom_data           eeprom_data  0000
__Hend_init              end_init     0001
__Hfunctab               functab      0000
__Hinit                  init         0000
__Hintentry              intentry     0000
__Hmaintext              maintext     07FE
__Hosccal                osccal       03FF
__Hpowerup               powerup      0000
__Hram                   ram          07FE
__Hreset_vec             reset_vec    0000
__Hsfr0                  sfr0         07FE
__Hsfr1                  sfr1         07FE
__Hspace_0               (abs)        07FE
__Hspace_1               (abs)        07FE
__Hspace_2               (abs)        0000
__Hspace_3               (abs)        0000
__Hspace_4               (abs)        400F
__Hstack                 stack        0000
__Hstrings               strings      07FE
__Htext                  text         07FE
__Labs1                  abs1         07FE
__Lbank0                 bank0        07FE
__Lbank1                 bank1        07FE
__LbssBANK0              bssBANK0     07FE
__Lcinit                 cinit        03F4
__Lclrtext               clrtext      07FE
__Lcode                  code         07FE
__Lcommon                common       07FE
__Lconfig                config       0000
__LcstackBANK0           cstackBANK0  07FE
__LcstackCOMMON          cstackCOMMON 07FE
__Leeprom_data           eeprom_data  0000
__Lend_init              end_init     0000
__Lfunctab               functab      0000
__Linit                  init         0000
__Lintentry              intentry     0000
__Lmaintext              maintext     07FE
__Losccal                osccal       03FF
__Lpowerup               powerup      0000
__Lram                   ram          07FE
__Lreset_vec             reset_vec    0000
__Lsfr0                  sfr0         07FE
__Lsfr1                  sfr1         07FE
__Lspace_0               (abs)        0000
__Lspace_1               (abs)        0000
__Lspace_2               (abs)        0000
__Lspace_3               (abs)        0000
__Lspace_4               (abs)        0000
__Lstack                 stack        0000
__Lstrings               strings      07FE
__Ltext                  text         07FE
__S0                     (abs)        03FF
__S1                     (abs)        0039
__S2                     (abs)        0000
__S3                     (abs)        0000
___int_sp                stack        0000
___latbits               (abs)        0000
___osccal_val            osccal       03FF
___sp                    stack        0000
___stackhi               (abs)        0000
___stacklo               (abs)        0000
__end_of_INOV            text3        03F4
__end_of__initialization cinit        03FD
__end_of_dec200mv        text8        01A3
__end_of_eepromread      text7        01B5
__end_of_eepromwrite     text5        0173
__end_of_inc200mv        text6        01C7
__end_of_main            maintext     02B7
__end_of_mydelay         text9        0210
__end_of_volt12          text2        0182
__end_of_volt5           text4        01E7
__end_of_volt9           text1        0191
__initialization         cinit        03F4
__pbssBANK0              bssBANK0     0031
__pcstackBANK0           cstackBANK0  0020
__pcstackCOMMON          cstackCOMMON 0000
__pmaintext              maintext     0210
__ptext1                 text1        0182
__ptext2                 text2        0173
__ptext3                 text3        02B7
__ptext4                 text4        01C7
__ptext5                 text5        0164
__ptext6                 text6        01B5
__ptext7                 text7        01A3
__ptext8                 text8        0191
__ptext9                 text9        01E7
__size_of_INOV           (abs)        0000
__size_of_dec200mv       (abs)        0000
__size_of_eepromread     (abs)        0000
__size_of_eepromwrite    (abs)        0000
__size_of_inc200mv       (abs)        0000
__size_of_main           (abs)        0000
__size_of_mydelay        (abs)        0000
__size_of_volt12         (abs)        0000
__size_of_volt5          (abs)        0000
__size_of_volt9          (abs)        0000
_changed                 bssBANK0     0033
_dec200mv                text8        0191
_dem1                    bssBANK0     0031
_dem2                    bssBANK0     0035
_eep1                    bssBANK0     0036
_eepdata                 bssBANK0     0038
_eepromread              text7        01A3
_eepromwrite             text5        0164
_eepselect               bssBANK0     0037
_inc200mv                text6        01B5
_main                    maintext     0210
_mydelay                 text9        01E7
_volt12                  text2        0173
_volt5                   text4        01C7
_volt9                   text1        0182
btemp                    (abs)        005E
eepromread@add           cstackBANK0  0020
eepromread@dat           cstackBANK0  0024
eepromwrite@add          cstackBANK0  0020
eepromwrite@dat          cstackBANK0  0022
end_of_initialization    cinit        03FD
intlevel0                functab      0000
intlevel1                functab      0000
intlevel2                functab      0000
intlevel3                functab      0000
intlevel4                functab      0000
intlevel5                functab      0000
mydelay@i                cstackBANK0  0022
mydelay@t                cstackBANK0  0020
reset_vec                reset_vec    0000
start                    init         0000
start_initialization     cinit        03F4
wtemp0                   (abs)        005E


FUNCTION INFORMATION:

 *************** function _main *****************
 Defined at:
		line 156 in file "QC3-16F630-C.c"
 Parameters:    Size  Location     Type
		None
 Auto vars:     Size  Location     Type
		None
 Return value:  Size  Location     Type
                  1    wreg      void 
 Registers used:
		wreg, fsr0l, fsr0h, status,2, status,0, btemp+1, pclath, cstack
 Tracked objects:
		On entry : 
		On exit  : 
		Unchanged: 
 Data sizes:     COMMON   BANK0
      Params:         0       0
      Locals:         0       0
      Temps:          0       0
      Totals:         0       0
Total ram usage:        0 bytes
 Hardware stack levels required when called:    3
 This function calls:
		_INOV
		_eepromread
		_mydelay
		_volt12
		_volt5
		_volt9
 This function is called by:
		Startup code after reset
 This function uses a non-reentrant model


 *************** function _volt9 *****************
 Defined at:
		line 53 in file "QC3-16F630-C.c"
 Parameters:    Size  Location     Type
		None
 Auto vars:     Size  Location     Type
		None
 Return value:  Size  Location     Type
                  1    wreg      void 
 Registers used:
		wreg, status,2, status,0, pclath, cstack
 Tracked objects:
		On entry : 
		On exit  : 
		Unchanged: 
 Data sizes:     COMMON   BANK0
      Params:         0       0
      Locals:         0       0
      Temps:          0       0
      Totals:         0       0
Total ram usage:        0 bytes
 Hardware stack levels used:    1
 Hardware stack levels required when called:    1
 This function calls:
		_eepromwrite
 This function is called by:
		_main
 This function uses a non-reentrant model


 *************** function _volt12 *****************
 Defined at:
		line 46 in file "QC3-16F630-C.c"
 Parameters:    Size  Location     Type
		None
 Auto vars:     Size  Location     Type
		None
 Return value:  Size  Location     Type
                  1    wreg      void 
 Registers used:
		wreg, status,2, status,0, pclath, cstack
 Tracked objects:
		On entry : 
		On exit  : 
		Unchanged: 
 Data sizes:     COMMON   BANK0
      Params:         0       0
      Locals:         0       0
      Temps:          0       0
      Totals:         0       0
Total ram usage:        0 bytes
 Hardware stack levels used:    1
 Hardware stack levels required when called:    1
 This function calls:
		_eepromwrite
 This function is called by:
		_main
 This function uses a non-reentrant model


 *************** function _INOV *****************
 Defined at:
		line 87 in file "QC3-16F630-C.c"
 Parameters:    Size  Location     Type
		None
 Auto vars:     Size  Location     Type
  t1              1   16[BANK0 ] unsigned char 
  t               1   15[BANK0 ] unsigned char 
  t1              1   14[BANK0 ] unsigned char 
  t               1   13[BANK0 ] unsigned char 
  i               2   11[BANK0 ] int 
  i               2    9[BANK0 ] int 
 Return value:  Size  Location     Type
                  1    wreg      void 
 Registers used:
		wreg, status,2, status,0, btemp+1, pclath, cstack
 Tracked objects:
		On entry : 
		On exit  : 
		Unchanged: 
 Data sizes:     COMMON   BANK0
      Params:         0       0
      Locals:         0       8
      Temps:          0       3
      Totals:         0      11
Total ram usage:       11 bytes
 Hardware stack levels used:    1
 Hardware stack levels required when called:    2
 This function calls:
		_dec200mv
		_eepromread
		_eepromwrite
		_inc200mv
		_mydelay
		_volt5
 This function is called by:
		_main
 This function uses a non-reentrant model


 *************** function _volt5 *****************
 Defined at:
		line 61 in file "QC3-16F630-C.c"
 Parameters:    Size  Location     Type
		None
 Auto vars:     Size  Location     Type
		None
 Return value:  Size  Location     Type
                  1    wreg      void 
 Registers used:
		wreg, status,2, status,0, btemp+1, pclath, cstack
 Tracked objects:
		On entry : 
		On exit  : 
		Unchanged: 
 Data sizes:     COMMON   BANK0
      Params:         0       0
      Locals:         0       0
      Temps:          0       0
      Totals:         0       0
Total ram usage:        0 bytes
 Hardware stack levels used:    1
 Hardware stack levels required when called:    1
 This function calls:
		_eepromwrite
		_mydelay
 This function is called by:
		_INOV
		_main
 This function uses a non-reentrant model


 *************** function _eepromwrite *****************
 Defined at:
		line 31 in file "QC3-16F630-C.c"
 Parameters:    Size  Location     Type
  add             2    0[BANK0 ] int 
  dat             2    2[BANK0 ] int 
 Auto vars:     Size  Location     Type
		None
 Return value:  Size  Location     Type
                  2    0[BANK0 ] int 
 Registers used:
		wreg
 Tracked objects:
		On entry : 
		On exit  : 
		Unchanged: 
 Data sizes:     COMMON   BANK0
      Params:         0       4
      Locals:         0       0
      Temps:          0       0
      Totals:         0       4
Total ram usage:        4 bytes
 Hardware stack levels used:    1
 This function calls:
		Nothing
 This function is called by:
		_volt12
		_volt9
		_volt5
		_INOV
 This function uses a non-reentrant model


 *************** function _inc200mv *****************
 Defined at:
		line 73 in file "QC3-16F630-C.c"
 Parameters:    Size  Location     Type
		None
 Auto vars:     Size  Location     Type
		None
 Return value:  Size  Location     Type
                  1    wreg      void 
 Registers used:
		wreg, status,2, status,0, btemp+1, pclath, cstack
 Tracked objects:
		On entry : 
		On exit  : 
		Unchanged: 
 Data sizes:     COMMON   BANK0
      Params:         0       0
      Locals:         0       0
      Temps:          0       0
      Totals:         0       0
Total ram usage:        0 bytes
 Hardware stack levels used:    1
 Hardware stack levels required when called:    1
 This function calls:
		_mydelay
 This function is called by:
		_INOV
 This function uses a non-reentrant model


 *************** function _eepromread *****************
 Defined at:
		line 40 in file "QC3-16F630-C.c"
 Parameters:    Size  Location     Type
  add             2    0[BANK0 ] int 
 Auto vars:     Size  Location     Type
  dat             2    4[BANK0 ] int 
 Return value:  Size  Location     Type
                  2    0[BANK0 ] int 
 Registers used:
		wreg
 Tracked objects:
		On entry : 
		On exit  : 
		Unchanged: 
 Data sizes:     COMMON   BANK0
      Params:         0       2
      Locals:         0       2
      Temps:          0       2
      Totals:         0       6
Total ram usage:        6 bytes
 Hardware stack levels used:    1
 This function calls:
		Nothing
 This function is called by:
		_INOV
		_main
 This function uses a non-reentrant model


 *************** function _dec200mv *****************
 Defined at:
		line 80 in file "QC3-16F630-C.c"
 Parameters:    Size  Location     Type
		None
 Auto vars:     Size  Location     Type
		None
 Return value:  Size  Location     Type
                  1    wreg      void 
 Registers used:
		wreg, status,2, status,0, btemp+1, pclath, cstack
 Tracked objects:
		On entry : 
		On exit  : 
		Unchanged: 
 Data sizes:     COMMON   BANK0
      Params:         0       0
      Locals:         0       0
      Temps:          0       0
      Totals:         0       0
Total ram usage:        0 bytes
 Hardware stack levels used:    1
 Hardware stack levels required when called:    1
 This function calls:
		_mydelay
 This function is called by:
		_INOV
 This function uses a non-reentrant model


 *************** function _mydelay *****************
 Defined at:
		line 15 in file "QC3-16F630-C.c"
 Parameters:    Size  Location     Type
  t               2    0[BANK0 ] int 
 Auto vars:     Size  Location     Type
  i               2    2[BANK0 ] int 
 Return value:  Size  Location     Type
                  2    0[BANK0 ] int 
 Registers used:
		wreg, btemp+1
 Tracked objects:
		On entry : 
		On exit  : 
		Unchanged: 
 Data sizes:     COMMON   BANK0
      Params:         0       2
      Locals:         0       2
      Temps:          0       0
      Totals:         0       4
Total ram usage:        4 bytes
 Hardware stack levels used:    1
 This function calls:
		Nothing
 This function is called by:
		_volt5
		_inc200mv
		_dec200mv
		_INOV
		_main
 This function uses a non-reentrant model



MODULE INFORMATION

Module		Function		Class		Link	Load	Size
shared
		__initialization		CODE           	03F4	0000	10

shared estimated size: 10

QC3-16F630-C.c
		_mydelay       		CODE           	01E7	0000	42
		_volt9         		CODE           	0182	0000	16
		_main          		CODE           	0210	0000	168
		_INOV          		CODE           	02B7	0000	318
		_eepromwrite   		CODE           	0164	0000	16
		_volt5         		CODE           	01C7	0000	33
		_dec200mv      		CODE           	0191	0000	19
		_inc200mv      		CODE           	01B5	0000	19
		_volt12        		CODE           	0173	0000	16
		_eepromread    		CODE           	01A3	0000	19

QC3-16F630-C.c estimated size: 666

